[wpriverthemes.com/HTML/jayden/home1-v6.html]
[backblue.gif]
[fade.gif]
[index.html]
[wpriverthemes.com/HTML/jayden/asset/css/bootstrap.css]
[wpriverthemes.com/HTML/jayden/asset/css/bootstrap-select.min.css]
[wpriverthemes.com/HTML/jayden/asset/css/styles.css]
[wpriverthemes.com/HTML/jayden/asset/css/swiper-bundle.min.css]
[wpriverthemes.com/HTML/jayden/asset/css/odometer.min.css]
[wpriverthemes.com/HTML/jayden/asset/css/lightbox.min.css]
[wpriverthemes.com/HTML/jayden/asset/css/animate.min.css]
[wpriverthemes.com/HTML/jayden/asset/font/fonts.css]
[wpriverthemes.com/HTML/jayden/asset/icons/icomoon/style.css]
[wpriverthemes.com/HTML/jayden/asset/images/logo/favicon.png]
[wpriverthemes.com/HTML/jayden/asset/images/bg-3d/video5.mp4]
[wpriverthemes.com/HTML/jayden/asset/icons/dashboard.svg]
[wpriverthemes.com/HTML/jayden/index.html]
[wpriverthemes.com/HTML/jayden/home1-v2.html]
[wpriverthemes.com/HTML/jayden/home1-v3.html]
[wpriverthemes.com/HTML/jayden/home1-v4.html]
[wpriverthemes.com/HTML/jayden/home1-v5.html]
[wpriverthemes.com/HTML/jayden/asset/images/logo/logo-1.svg]
[wpriverthemes.com/HTML/jayden/asset/images/avatar/avatar-full.png]
[wpriverthemes.com/HTML/jayden/asset/images/avatar/avatar-1.png]
[wpriverthemes.com/HTML/jayden/asset/images/section/signature-1.png]
[wpriverthemes.com/HTML/jayden/asset/images/section/works-1.jpg]
[wpriverthemes.com/HTML/jayden/asset/images/section/works-2.jpg]
[wpriverthemes.com/HTML/jayden/asset/images/section/works-3.jpg]
[wpriverthemes.com/HTML/jayden/asset/images/section/playground-1.jpg]
[wpriverthemes.com/HTML/jayden/asset/images/section/playground-2.jpg]
[wpriverthemes.com/HTML/jayden/asset/images/section/playground-3.jpg]
[wpriverthemes.com/HTML/jayden/asset/images/section/playground-4.jpg]
[wpriverthemes.com/HTML/jayden/asset/images/section/figma.png]
[wpriverthemes.com/HTML/jayden/asset/images/section/loom.png]
[wpriverthemes.com/HTML/jayden/asset/images/section/framer.png]
[wpriverthemes.com/HTML/jayden/asset/images/section/slack.png]
[wpriverthemes.com/HTML/jayden/asset/images/section/monday.png]
[wpriverthemes.com/HTML/jayden/asset/images/avatar/avatar-2.jpg]
[wpriverthemes.com/HTML/jayden/asset/images/avatar/avatar-3.jpg]
[wpriverthemes.com/HTML/jayden/asset/images/avatar/avatar-4.jpg]
[wpriverthemes.com/HTML/jayden/asset/images/partners/logo_zm.svg]
[wpriverthemes.com/HTML/jayden/asset/images/partners/Union.svg]
[wpriverthemes.com/HTML/jayden/asset/images/partners/archin.svg]
[wpriverthemes.com/HTML/jayden/asset/images/partners/Symbol.svg]
[wpriverthemes.com/HTML/jayden/asset/images/partners/Github_logo.svg]
[wpriverthemes.com/HTML/jayden/asset/images/section/img-bg-2.png]
[wpriverthemes.com/HTML/jayden/asset/js/jquery.min.js]
[wpriverthemes.com/HTML/jayden/asset/js/bootstrap.min.js]
[wpriverthemes.com/HTML/jayden/asset/js/jquery.validate.min.js]
[wpriverthemes.com/HTML/jayden/asset/js/lazysize.min.js]
[wpriverthemes.com/HTML/jayden/asset/js/wow.min.js]
[wpriverthemes.com/HTML/jayden/asset/js/swiper-bundle.min.js]
[wpriverthemes.com/HTML/jayden/asset/js/swiper.js]
[wpriverthemes.com/HTML/jayden/asset/js/gsap.min.js]
[wpriverthemes.com/HTML/jayden/asset/js/Splitetext.js]
[wpriverthemes.com/HTML/jayden/asset/js/ScrollTrigger.min.js]
[wpriverthemes.com/HTML/jayden/asset/js/ScrollSmooth.js]
[wpriverthemes.com/HTML/jayden/asset/js/handleeffectgsap.js]
[wpriverthemes.com/HTML/jayden/asset/js/odometer.min.js]
[wpriverthemes.com/HTML/jayden/asset/js/counter.js]
[wpriverthemes.com/HTML/jayden/asset/js/infinityslide.js]
[wpriverthemes.com/HTML/jayden/asset/js/plugin.js]
[wpriverthemes.com/HTML/jayden/home1-v6.html]
[wpriverthemes.com/HTML/jayden/asset/css/bootstrap.css]
[wpriverthemes.com/HTML/jayden/asset/css/bootstrap-select.min.css]
[wpriverthemes.com/HTML/jayden/asset/css/styles.css]
[wpriverthemes.com/HTML/jayden/asset/css/swiper-bundle.min.css]
[wpriverthemes.com/HTML/jayden/asset/css/odometer.min.css]
[wpriverthemes.com/HTML/jayden/asset/css/lightbox.min.css]
[wpriverthemes.com/HTML/jayden/asset/css/animate.min.css]
[wpriverthemes.com/HTML/jayden/asset/font/fonts.css]
[wpriverthemes.com/HTML/jayden/asset/icons/icomoon/style.css]
[wpriverthemes.com/HTML/jayden/asset/icons/dashboard.svg]
[wpriverthemes.com/HTML/jayden/index.html]
[wpriverthemes.com/HTML/jayden/home1-v2.html]
[wpriverthemes.com/HTML/jayden/home1-v3.html]
[wpriverthemes.com/HTML/jayden/home1-v4.html]
[wpriverthemes.com/HTML/jayden/home1-v5.html]
[wpriverthemes.com/HTML/jayden/asset/images/logo/logo-1.svg]
[wpriverthemes.com/HTML/jayden/asset/images/partners/logo_zm.svg]
[wpriverthemes.com/HTML/jayden/asset/images/partners/Union.svg]
[wpriverthemes.com/HTML/jayden/asset/images/partners/archin.svg]
[wpriverthemes.com/HTML/jayden/asset/images/partners/Symbol.svg]
[wpriverthemes.com/HTML/jayden/asset/images/partners/Github_logo.svg]
[wpriverthemes.com/HTML/jayden/asset/js/bootstrap.min.js]
[wpriverthemes.com/HTML/jayden/asset/js/jquery.min.js]
[wpriverthemes.com/HTML/jayden/asset/js/jquery.validate.min.js]
[wpriverthemes.com/HTML/jayden/asset/js/lazysize.min.js]
[wpriverthemes.com/HTML/jayden/asset/js/wow.min.js]
[wpriverthemes.com/HTML/jayden/asset/js/swiper-bundle.min.js]
[wpriverthemes.com/HTML/jayden/asset/js/swiper.js]
[wpriverthemes.com/HTML/jayden/asset/js/gsap.min.js]
[wpriverthemes.com/HTML/jayden/asset/js/Splitetext.js]
[wpriverthemes.com/HTML/jayden/asset/js/ScrollTrigger.min.js]
[wpriverthemes.com/HTML/jayden/asset/js/ScrollSmooth.js]
[wpriverthemes.com/HTML/jayden/asset/js/handleeffectgsap.js]
[wpriverthemes.com/HTML/jayden/asset/js/odometer.min.js]
[wpriverthemes.com/HTML/jayden/asset/js/counter.js]
[wpriverthemes.com/HTML/jayden/asset/js/infinityslide.js]
[wpriverthemes.com/HTML/jayden/asset/js/plugin.js]
[wpriverthemes.com/HTML/jayden/asset/js/lightbox.min.html]
[wpriverthemes.com/HTML/jayden/asset/js/main.html]
[wpriverthemes.com/HTML/jayden/asset/icons/cursor-close.html]
[wpriverthemes.com/HTML/jayden/asset/images/avatar/bg-avatar.html]
[wpriverthemes.com/HTML/jayden/asset/images/section/step1.html]
[wpriverthemes.com/HTML/jayden/asset/images/section/step2.html]
[wpriverthemes.com/HTML/jayden/asset/images/section/step3.html]
[wpriverthemes.com/HTML/jayden/asset/images/section/step4.html]
[wpriverthemes.com/HTML/jayden/asset/images/section/img-bg.html]
[wpriverthemes.com/HTML/jayden/asset/images/section/quote.html]
[wpriverthemes.com/HTML/jayden/asset/images/item/loading.html]
[wpriverthemes.com/HTML/jayden/asset/images/item/prev.html]
[wpriverthemes.com/HTML/jayden/asset/images/item/next.html]
[wpriverthemes.com/HTML/jayden/asset/images/item/close.html]
[wpriverthemes.com/HTML/jayden/asset/icons/icomoon/fonts/icomoon91d7.html]
[wpriverthemes.com/HTML/jayden/asset/icons/icomoon/fonts/icomoon91d7-2.html]
[wpriverthemes.com/HTML/jayden/asset/icons/icomoon/fonts/icomoon91d7-3.html]
[wpriverthemes.com/HTML/jayden/asset/icons/icomoon/fonts/icomoon91d7-4.html]
[wpriverthemes.com/HTML/jayden/asset/images/bg-3d/video4.html]
[wpriverthemes.com/HTML/jayden/asset/images/bg-3d/video2.html]
[wpriverthemes.com/HTML/jayden/asset/images/bg-3d/video3.html]
[wpriverthemes.com/HTML/jayden/asset/images/bg-3d/video1.html]
[wpriverthemes.com/HTML/jayden/Version/index.html]
[wpriverthemes.com/HTML/jayden/e.html]
[wpriverthemes.com/HTML/jayden/t.params.html]
